invalid escape sequence '\|'
invalid escape sequence '\|'
invalid escape sequence '\|'
invalid escape sequence '\w'
invalid escape sequence '\w'
invalid escape sequence '\|'
invalid escape sequence '\|'
invalid escape sequence '\|'
invalid escape sequence '\|'
invalid escape sequence '\|'
invalid escape sequence '\w'
invalid escape sequence '\w'
invalid escape sequence '\|'
invalid escape sequence '\|'
Profile TXNRD : profile_data not found or detected change in alignment file! Recomputing profile_data...

A value is trying to be set on a copy of a slice from a DataFrame

See the caveats in the documentation: https://pandas.pydata.org/pandas-docs/stable/user_guide/indexing.html#returning-a-view-versus-a-copy

A value is trying to be set on a copy of a slice from a DataFrame.
Try using .loc[row_indexer,col_indexer] = value instead

See the caveats in the documentation: https://pandas.pydata.org/pandas-docs/stable/user_guide/indexing.html#returning-a-view-versus-a-copy
Traceback (most recent call last):
  File "/opt/conda/lib/python3.12/site-packages/pyfaidx/__init__.py", line 1325, in __getitem__
    return self.records[rname]
           ~~~~~~~~~~~~^^^^^^^
KeyError: 'MT'

During handling of the above exception, another exception occurred:

Traceback (most recent call last):
  File "/opt/conda/bin/selenoprofiles", line 7, in <module>
    sys.exit(main())
             ^^^^^^
  File "/opt/conda/lib/python3.12/site-packages/selenoprofiles4/selenoprofiles4.py", line 1674, in main
    run_assess(ass_opt)
  File "/opt/conda/lib/python3.12/site-packages/selenoprofiles4/selenoprofiles_assess.py", line 194, in main
    last_codons_seq = last_codons.get_sequence(
                      ^^^^^^^^^^^^^^^^^^^^^^^^^
  File "/opt/conda/lib/python3.12/site-packages/pyranges/core/pyranges_main.py", line 5867, in get_sequence
    _fasta = pyfaidx_fasta[chromosome]
             ~~~~~~~~~~~~~^^^^^^^^^^^^
  File "/opt/conda/lib/python3.12/site-packages/pyfaidx/__init__.py", line 1327, in __getitem__
    raise KeyError("{0} not in {1}.".format(rname, self.filename))
KeyError: 'MT not in /genome_dir/assembly.fna.'
