annotation_id	run_at	step
13a201277fa7b1f411a514dac1f72049	2026-03-13 15:35:58	unexpected_error: [Errno 13] Permission denied: '/home/runner/work/ExtractGenes/ExtractGenes/scripts/03_run_selenoprofiles.sh'
212714cc77ce887cd7646b8967cb4e3d	2026-03-13 15:35:53	unexpected_error: [Errno 13] Permission denied: '/home/runner/work/ExtractGenes/ExtractGenes/scripts/03_run_selenoprofiles.sh'
8b9cc762da08c05abeaab726f0631544	2026-03-13 15:36:00	unexpected_error: [Errno 13] Permission denied: '/home/runner/work/ExtractGenes/ExtractGenes/scripts/03_run_selenoprofiles.sh'
8d35f4d6bc706fb2b0a738184a56faa5	2026-03-13 15:36:15	unexpected_error: [Errno 13] Permission denied: '/home/runner/work/ExtractGenes/ExtractGenes/scripts/03_run_selenoprofiles.sh'
a9b26b12ba50dd2965557334c1e73001	2026-03-13 15:36:03	unexpected_error: [Errno 13] Permission denied: '/home/runner/work/ExtractGenes/ExtractGenes/scripts/03_run_selenoprofiles.sh'
b646ef9bbead67fc9e6f3913625964b8	2026-03-13 15:36:08	unexpected_error: [Errno 13] Permission denied: '/home/runner/work/ExtractGenes/ExtractGenes/scripts/03_run_selenoprofiles.sh'
b665d5320e1f295e587ca02f81b0f345	2026-03-13 15:36:05	unexpected_error: [Errno 13] Permission denied: '/home/runner/work/ExtractGenes/ExtractGenes/scripts/03_run_selenoprofiles.sh'
c32ca65cec67386e47e5adcb6ad7f1a3	2026-03-13 15:36:07	unexpected_error: [Errno 13] Permission denied: '/home/runner/work/ExtractGenes/ExtractGenes/scripts/03_run_selenoprofiles.sh'
e47e57916cb1917c4654996862adc38e	2026-03-13 15:36:04	unexpected_error: [Errno 13] Permission denied: '/home/runner/work/ExtractGenes/ExtractGenes/scripts/03_run_selenoprofiles.sh'
f06b9dad33e13c9dc9f17f1273b08723	2026-03-13 15:36:05	unexpected_error: [Errno 13] Permission denied: '/home/runner/work/ExtractGenes/ExtractGenes/scripts/03_run_selenoprofiles.sh'
f628158077010762f66c13935b5630a3	2026-03-13 15:36:03	unexpected_error: [Errno 13] Permission denied: '/home/runner/work/ExtractGenes/ExtractGenes/scripts/03_run_selenoprofiles.sh'
315082cf27aff32e9aa148c7934fb51b	2026-03-13 15:36:16	unexpected_error: [Errno 13] Permission denied: '/home/runner/work/ExtractGenes/ExtractGenes/scripts/03_run_selenoprofiles.sh'
3cdc8e2ecc09943377d548f3213a39ef	2026-03-13 15:36:15	unexpected_error: [Errno 13] Permission denied: '/home/runner/work/ExtractGenes/ExtractGenes/scripts/03_run_selenoprofiles.sh'
44907b464ec65fc7e1d2161b22b3a493	2026-03-13 15:36:18	unexpected_error: [Errno 13] Permission denied: '/home/runner/work/ExtractGenes/ExtractGenes/scripts/03_run_selenoprofiles.sh'
55282f7d773c9ab9481833e227ef9180	2026-03-13 15:36:00	unexpected_error: [Errno 13] Permission denied: '/home/runner/work/ExtractGenes/ExtractGenes/scripts/03_run_selenoprofiles.sh'
5a5982d4207be9f7d6bc8457a02b20af	2026-03-13 15:36:10	unexpected_error: [Errno 13] Permission denied: '/home/runner/work/ExtractGenes/ExtractGenes/scripts/03_run_selenoprofiles.sh'
845380a5a9804cbda0a80e1515e9eec6	2026-03-13 15:36:07	unexpected_error: [Errno 13] Permission denied: '/home/runner/work/ExtractGenes/ExtractGenes/scripts/03_run_selenoprofiles.sh'
89c71fcd641af5e59f466504f5fdf854	2026-03-13 15:35:42	unexpected_error: [Errno 13] Permission denied: '/home/runner/work/ExtractGenes/ExtractGenes/scripts/03_run_selenoprofiles.sh'
8a1777d430c30910fcab89d1e00d62e7	2026-03-13 15:35:58	unexpected_error: [Errno 13] Permission denied: '/home/runner/work/ExtractGenes/ExtractGenes/scripts/03_run_selenoprofiles.sh'09acc20d08b248b2dd88ea695c30dd3f
01ea7639ac2920b640935eb55071cf23	2026-03-17 12:11:29	FASTA index file /tmp/tmp.lY22EPnC8X/input.fna.fai created.
0501081105e305c677aec25ef4add939	2026-03-17 13:31:48	FASTA index file /tmp/tmp.l9JLobqaro/input.fna.fai created.
1489ad9653106eb47f4a6d3764e0999a	2026-03-17 13:39:44	FASTA index file /tmp/tmp.pTUWrccTpy/input.fna.fai created.
0bb5a6e543164afba67201c073053c9c	2026-03-17 15:42:53	FASTA index file /tmp/tmp.sdLOZoKjzV/input.fna.fai created. Warning: couldn't find fasta record for 'NC_002653.1'! Error: no genomic sequence available (check -g option!).
02168af710d804bfe06bcde00f27c7f8	2026-03-17 13:52:56	FASTA index file /tmp/tmp.TOCcIrndq0/input.fna.fai created.
0e60d851523fe0b8542e60ea3fce5db8	2026-03-17 13:17:37	FASTA index file /tmp/tmp.Mx6OITpwxl/input.fna.fai created.
0bd0bfd99bba00f3036b59c59b3a62b9	2026-03-17 16:49:25	HTTP 404 downloading https://ftp.ncbi.nlm.nih.gov/genomes/all/GCF/029/289/425/GCF_029289425.2_NHGRI_mPanPan1-v2.1_pri/GCF_029289425.2_NHGRI_mPanPan1-v2.1_pri_genomic.fna.gz: Not Found
10a09d0682fe57c71d117fff611e9397	2026-03-17 13:55:27	"FASTA index file /tmp/tmp.jaFpk9ig3F/input.fna.fai created. free(): invalid pointer /home/runner/work/ExtractGenes/ExtractGenes/scripts/01_extract_proteins.sh: line 64: 27842 Aborted                 (core dumped) gffread -g ""$FASTA_FILE"" -y ""$ALL_PROTEINS_OUTPUT"" ""$CLEAN_GFF_FILE"""
0794b24e5697c736ac89d5a3f976624a	2026-03-17 12:47:56	FASTA index file /tmp/tmp.eByJXYuURH/input.fna.fai created.
079ceb4c1bcfba26597910924faa7af5	2026-03-17 16:41:14	FASTA index file /tmp/tmp.c3t9XJjVLk/input.fna.fai created.
12e7731ec0b591b199e229ccff75669f	2026-03-17 12:24:39	FASTA index file /tmp/tmp.iTgmhxZ1Mh/input.fna.fai created.
028d1c0bdd1c71ff20c302e7a33124bb	2026-03-17 14:25:56	"FASTA index file /tmp/tmp.VMlUQrB6WN/input.fna.fai created. free(): invalid next size (normal) /home/runner/work/ExtractGenes/ExtractGenes/scripts/01_extract_proteins.sh: line 64:  2570 Aborted                 (core dumped) gffread -g ""$FASTA_FILE"" -y ""$ALL_PROTEINS_OUTPUT"" ""$CLEAN_GFF_FILE"""
07e1c122ef1b117f60e6cd9e46c0a1bf	2026-03-17 15:16:10	FASTA index file /tmp/tmp.s5hpg8nDRa/input.fna.fai created.
07fb23a367220dd69925358f16f190a1	2026-03-17 17:17:14	FASTA index file /tmp/tmp.1EG05bS268/input.fna.fai created.
08180d5356bdad5e8d2f5635e693d221	2026-03-17 15:55:17	FASTA index file /tmp/tmp.YGsgWxgqge/input.fna.fai created.
02e9703a5e409ab9c99bc03eab6eead7	2026-03-17 14:53:02	Unexpected error downloading : unknown url type: ''
112128455c36f1b7fb618a98d21b6079	2026-03-17 12:27:40	FASTA index file /tmp/tmp.OYqgPdlgtm/input.fna.fai created.
09d1831976b15783f111d2b924fa4cf0	2026-03-17 12:57:16	FASTA index file /tmp/tmp.nCr71y0KA6/input.fna.fai created.
155b12fb52dc1ba882c1d927747ccd70	2026-03-17 17:14:50	FASTA index file /tmp/tmp.vIaipHTJ0C/input.fna.fai created.
051f7ad94c9ef4828db9fb96c6bd1811	2026-03-17 12:14:47	HTTP 404 downloading https://ftp.ncbi.nlm.nih.gov/genomes/all/GCA/964/275/305/GCA_964275305.1_ilCoeDoru1.hap1.1/GCA_964275305.1_ilCoeDoru1.hap1.1_genomic.fna.gz: Not Found
0851685cf236fba9cdd973403d6cfb9c	2026-03-17 18:31:22	FASTA index file /tmp/tmp.stcdE4nnU2/input.fna.fai created.
032fd4f7a8a28e8b43271cfbd91cf148	2026-03-17 16:34:01	"FASTA index file /tmp/tmp.7SwDfiaAjD/input.fna.fai created. free(): invalid next size (normal) /home/runner/work/ExtractGenes/ExtractGenes/scripts/01_extract_proteins.sh: line 64:  3221 Aborted                 (core dumped) gffread -g ""$FASTA_FILE"" -y ""$ALL_PROTEINS_OUTPUT"" ""$CLEAN_GFF_FILE"""
0377bd61f4a36ca97e26c679a2e8d040	2026-03-17 16:12:09	FASTA index file /tmp/tmp.KaSjrV5cRB/input.fna.fai created. Warning: couldn't find fasta record for '1A'! Error: no genomic sequence available (check -g option!).
0cd0f0b597a603e90c8c04084ecabb22	2026-03-17 16:15:38	FASTA index file /tmp/tmp.OwARnDHRER/input.fna.fai created.
0cd56ec176ec0146529ac63bc26e0fbc	2026-03-17 16:15:21	"FASTA index file /tmp/tmp.Ga3Ob4UdTg/input.fna.fai created. free(): invalid next size (normal) /home/runner/work/ExtractGenes/ExtractGenes/scripts/01_extract_proteins.sh: line 64: 12257 Aborted                 (core dumped) gffread -g ""$FASTA_FILE"" -y ""$ALL_PROTEINS_OUTPUT"" ""$CLEAN_GFF_FILE"""
1182b34b4ea79020062fe6dfd0666974	2026-03-17 16:15:28	FASTA index file /tmp/tmp.vW4Xm4jnqz/input.fna.fai created.
0cd7d1364b2635c112c0f2ade13ea608	2026-03-17 15:50:01	FASTA index file /tmp/tmp.CqFR8gQWCC/input.fna.fai created.
088f3a4c75cc3ce357c2c7b147d3a52c	2026-03-17 19:16:34	FASTA index file /tmp/tmp.aa6uJKINij/input.fna.fai created. Warning: couldn't find fasta record for 'KI913952'! Error: no genomic sequence available (check -g option!).
0894735667bc93e737500a0c803e921a	2026-03-17 16:59:32	FASTA index file /tmp/tmp.UpQ2hcjXBu/input.fna.fai created.
0d36fbc0821b28fa216796eb754c16c3	2026-03-17 16:08:52	FASTA index file /tmp/tmp.NSlaBE4x7n/input.fna.fai created. GffObj::getSpliced() error: improper genomic coordinate 49251 on KZ622970.1 for transcript:KQK11863
15dab41368202c2d893291acadbd920f	2026-03-17 17:19:09	FASTA index file /tmp/tmp.Jvx421pV5t/input.fna.fai created.
11dc6e333513010be1ae541f6fdc2dbc	2026-03-17 16:16:28	FASTA index file /tmp/tmp.lRznoHRkFg/input.fna.fai created. Error: discarding overlapping duplicate gene feature (748757-748793) with ID=gene-NCAS_0Atrna4P Error: discarding overlapping duplicate gene feature (912865-912910) with ID=gene-NCAS_0Atrna9S Error: discarding overlapping duplicate gene feature (961519-961555) with ID=gene-NCAS_0Atrna5P Error: discarding overlapping duplicate gene feature (1407204-1407240) with ID=gene-NCAS_0Atrna5W Error: discarding overlapping duplicate gene feature (1661718-1661754) with ID=gene-NCAS_0Atrna6P Error: discarding overlapping duplicate gene feature (1763930-1763966) with ID=gene-NCAS_0Atrna3Y Error: discarding overlapping duplicate gene feature (1773977-1774022) with ID=gene-NCAS_0Atrna11S Error: discarding overlapping duplicate gene feature (2090396-2090432) with ID=gene-NCAS_0Atrna8K Error: discarding overlapping duplicate gene feature (2309996-2310032) with ID=gene-NCAS_0Atrna9K Error: discarding overlapping duplicate gene feature (2416128-2416164) with ID=gene-NCAS_0Atrna4Y Error: discarding overlapping duplicate gene feature (2889546-2889582) with ID=gene-NCAS_0Atrna7F
08df300496b9f0198d328ad75e48f37b	2026-03-17 17:16:44	Unexpected error downloading : unknown url type: ''
0e96e33fcba3cd80b05e45fa2f0a8738	2026-03-17 12:22:34	"FASTA index file /tmp/tmp.0hnmFXDS3Y/input.fna.fai created. malloc(): invalid size (unsorted) /home/runner/work/ExtractGenes/ExtractGenes/scripts/01_extract_proteins.sh: line 64: 24774 Aborted                 (core dumped) gffread -g ""$FASTA_FILE"" -y ""$ALL_PROTEINS_OUTPUT"" ""$CLEAN_GFF_FILE"""
0424b556ecd9867567a7cfad8a20eb7c	2026-03-17 15:23:46	FASTA index file /tmp/tmp.90qs2GZ3Xm/input.fna.fai created. Warning: couldn't find fasta record for 'HG970332'! Error: no genomic sequence available (check -g option!).
091ada95173f7fee7870706ef26e84e8	2026-03-17 18:07:54	FASTA index file /tmp/tmp.vqrvGJMKqN/input.fna.fai created.
1239a831517aef3c644bd303fcb2b816	2026-03-17 18:23:40	FASTA index file /tmp/tmp.clcdVX58P6/input.fna.fai created.
16a9a656aa327d4d301cf9a4fb1f4bf8	2026-03-17 17:58:20	FASTA index file /tmp/tmp.2fDNGg4Stg/input.fna.fai created.
0499ac1e2b730d0d39ce04052933d925	2026-03-17 18:01:40	FASTA index file /tmp/tmp.XXcJchgbvX/input.fna.fai created. Warning: couldn't find fasta record for 'LN901635'! Error: no genomic sequence available (check -g option!).
0955b2b67bbab9682692452003c023d9	2026-03-17 17:26:47	Unexpected error downloading : unknown url type: ''
053f516c452786dd4ed86e3267070ae0	2026-03-17 12:14:43	FASTA index file /tmp/tmp.0d96Hl79lj/input.fna.fai created.
0e3241998a2c22b22713aa8f6c34620a	2026-03-17 18:16:32	FASTA index file /tmp/tmp.KazluIIvhI/input.fna.fai created. Warning: couldn't find fasta record for 'RWGY01000011.1'! Error: no genomic sequence available (check -g option!).
16ef63dc274c69e3787780135f77c2c7	2026-03-17 18:42:46	FASTA index file /tmp/tmp.S8lFboTUUt/input.fna.fai created.
0a06813dda438af01b9f1cf3f3437032	2026-03-17 13:23:41	"FASTA index file /tmp/tmp.ZXA3SyMKYJ/input.fna.fai created. munmap_chunk(): invalid pointer /home/runner/work/ExtractGenes/ExtractGenes/scripts/01_extract_proteins.sh: line 64: 11979 Aborted                 (core dumped) gffread -g ""$FASTA_FILE"" -y ""$ALL_PROTEINS_OUTPUT"" ""$CLEAN_GFF_FILE"""
0079e5ad3528d344aafa86be0ede0b54	2026-03-17 15:45:46	FASTA index file /tmp/tmp.JpaAQu9au0/input.fna.fai created.
05608d93a282a3c29f6217ff1caa8e5d	2026-03-17 14:27:49	FASTA index file /tmp/tmp.PQ9nT3qnDU/input.fna.fai created. Warning: couldn't find fasta record for '1A'! Error: no genomic sequence available (check -g option!).
04d5e9b6ef7f9ecbc1f328112a7d3f01	2026-03-17 12:20:12	FASTA index file /tmp/tmp.wvFBxPaM1x/input.fna.fai created.
13a08ac8a46af1c7b1067ccbf86873a0	2026-03-17 14:53:09	FASTA index file /tmp/tmp.gvZcihOJJl/input.fna.fai created.
0f148c3c314c4cd7278b8d181904ad04	2026-03-17 16:03:07	FASTA index file /tmp/tmp.ptxClILjPx/input.fna.fai created.
05830c10d7816e9f3b6c6f848708e0d6	2026-03-17 12:28:47	"FASTA index file /tmp/tmp.i6oseaqWOZ/input.fna.fai created. free(): invalid next size (normal) /home/runner/work/ExtractGenes/ExtractGenes/scripts/01_extract_proteins.sh: line 64: 17237 Aborted                 (core dumped) gffread -g ""$FASTA_FILE"" -y ""$ALL_PROTEINS_OUTPUT"" ""$CLEAN_GFF_FILE"""
01101e1e6836cc4ec1be08192fb4a6ad	2026-03-17 12:11:40	FASTA index file /tmp/tmp.7RiNDqLBna/input.fna.fai created.
0f66b70b4f3cc0b443d721215c900f86	2026-03-17 12:23:33	FASTA index file /tmp/tmp.ZWbAeSDg8p/input.fna.fai created.
0f806f220b7b77b8a5c784327d6baea7	2026-03-17 13:37:48	FASTA index file /tmp/tmp.k1JwjK7Qf7/input.fna.fai created.
064cc6948a384a84c5d3c04264c17275	2026-03-17 12:19:30	FASTA index file /tmp/tmp.gJpTNgFb26/input.fna.fai created.
0f96569c0a882cade0017806fa060fb2	2026-03-17 15:18:31	FASTA index file /tmp/tmp.10YLlUNk2E/input.fna.fai created.
1426cf8ee14a01cbd4f061d5dbb1eba6	2026-03-17 12:47:03	FASTA index file /tmp/tmp.oyBMzKcf9b/input.fna.fai created.
002530fa07a72237fe4becf56e7c0f16	2026-03-17 12:11:31	FASTA index file /tmp/tmp.KdT0vZSqv0/input.fna.fai created.
016bf0d67bbed6dcfba7d1eda12bff83	2026-03-17 14:13:35	FASTA index file /tmp/tmp.UBTazDh2oi/input.fna.fai created.
0b1f932fcd92f2e8243e687abbe0e4b3	2026-03-17 13:51:11	FASTA index file /tmp/tmp.MfmSvXiqVN/input.fna.fai created.
069fa475361db62634585b40cda60d8e	2026-03-17 12:58:18	"FASTA index file /tmp/tmp.Ro8oLn8RLs/input.fna.fai created. corrupted double-linked list /home/runner/work/ExtractGenes/ExtractGenes/scripts/01_extract_proteins.sh: line 64:  6748 Aborted                 (core dumped) gffread -g ""$FASTA_FILE"" -y ""$ALL_PROTEINS_OUTPUT"" ""$CLEAN_GFF_FILE"""
1452ca7559517bfd4c490d458b4bc154	2026-03-17 12:20:22	"FASTA index file /tmp/tmp.zHgSx8jVN7/input.fna.fai created. malloc(): invalid size (unsorted) /home/runner/work/ExtractGenes/ExtractGenes/scripts/01_extract_proteins.sh: line 64: 22978 Aborted                 (core dumped) gffread -g ""$FASTA_FILE"" -y ""$ALL_PROTEINS_OUTPUT"" ""$CLEAN_GFF_FILE"""
036bfe8509872be60bda89d6a5b24691	2026-03-19 11:46:55	FASTA index file /tmp/tmp.vq5xXM51Mj/input.fna.fai created.
0ea903113b863abc6b389984a65d750e	2026-03-19 13:29:02	"invalid escape sequence '\|' invalid escape sequence '\|' invalid escape sequence '\|' invalid escape sequence '\w' invalid escape sequence '\w' invalid escape sequence '\|' invalid escape sequence '\|' invalid escape sequence '\|' invalid escape sequence '\|' invalid escape sequence '\|' invalid escape sequence '\w' invalid escape sequence '\w' invalid escape sequence '\|' invalid escape sequence '\|' Profile TXNRD : profile_data not found or detected change in alignment file! Recomputing profile_data... Traceback (most recent call last):   File ""/opt/conda/bin/selenoprofiles"", line 7, in <module>     sys.exit(main())              ^^^^^^   File ""/opt/conda/lib/python3.12/site-packages/selenoprofiles4/selenoprofiles4.py"", line 1958, in main     psitblastn(   File ""/opt/conda/lib/python3.12/site-packages/selenoprofiles4/selenoprofiles4.py"", line 3213, in psitblastn     bbash(   File ""/opt/conda/lib/python3.12/site-packages/selenoprofiles4/MMlib3.py"", line 108, in bbash     if bb[0]!=0 and not dont_die:     raise Exception('COMMAND: ' + command+' ERROR: ""'+bb[1]+' ""')                                       ^^^^^^^^^^^^^^^^^^^^^^^^^^^^^^^^^^^^^^^^^^^^^^^^^^^^^^^^^^^^^ Exception: COMMAND: /blast-2.2.26/bin/blastall -p psitblastn  -d /input/genome.fa -R /tmp/fb182c3b01613e845c5e685573362a99/SEPHS2.2.pssm.chk -i /tmp/fb182c3b01613e845c5e685573362a99/SEPHS2.2.blast_query -I  -a 1 -b 5000 -F F > /tmp/fb182c3b01613e845c5e685573362a99/psitblastn_out ERROR: ""[blastall] WARNING: Stored query has a X at position 24, while new query has a U there X appears in the stored query: The stored query may be filtered.  Run blastpgp with ""-F F"" option to turn the filter off. Segmentation fault (core dumped) """
09acc20d08b248b2dd88ea695c30dd3f	2026-03-19 15:30:33	Unexpected error downloading : unknown url type: ''
13f5fdf012543cebc12ae58622983d6a	2026-03-19 14:56:55	FASTA index file /tmp/tmp.PDTPF1ITkG/input.fna.fai created.
1ea612a3a1481d392460c76879fc155e	2026-03-20 01:21:55	FASTA index file /tmp/tmp.iY0u0C4Yyf/input.fna.fai created.
215b2541467fd8cf81eb073fe5919c43	2026-03-19 23:45:57	"FASTA index file /tmp/tmp.OuG4xRcekB/input.fna.fai created. malloc(): invalid size (unsorted) /home/runner/work/ExtractGenes/ExtractGenes/scripts/01_extract_proteins.sh: line 64: 33215 Aborted                 (core dumped) gffread -g ""$FASTA_FILE"" -y ""$ALL_PROTEINS_OUTPUT"" ""$CLEAN_GFF_FILE"""
239d9f9f494eefa928e90e9d184cfadb	2026-03-20 01:28:40	FASTA index file /tmp/tmp.JS1lQ4ipwp/input.fna.fai created. Warning: couldn't find fasta record for 'NC_009062.1'! Error: no genomic sequence available (check -g option!).
1f2dec80aacf6fb137ecf5745d9dcf81	2026-03-20 01:59:40	"FASTA index file /tmp/tmp.YF23UY5iAV/input.fna.fai created. free(): invalid next size (normal) /home/runner/work/ExtractGenes/ExtractGenes/scripts/01_extract_proteins.sh: line 64: 11891 Aborted                 (core dumped) gffread -g ""$FASTA_FILE"" -y ""$ALL_PROTEINS_OUTPUT"" ""$CLEAN_GFF_FILE"""
1f319e7bff30c4896b2caf0e2fae2945	2026-03-20 01:44:05	FASTA index file /tmp/tmp.9SZIv0hjLc/input.fna.fai created.
1ae3003305230c5feb3a2d36e9e52da6	2026-03-20 01:41:47	FASTA index file /tmp/tmp.vaPkIMs286/input.fna.fai created. Warning: couldn't find fasta record for 'NC_000934'! Error: no genomic sequence available (check -g option!).
2420badd075865ed292cc4eb38b6f5d0	2026-03-20 01:38:59	FASTA index file /tmp/tmp.XSSYkk8Kdu/input.fna.fai created.
1b1a4d1035c5840cc3bdf7241e8bcd3f	2026-03-20 03:21:11	FASTA index file /tmp/tmp.jHefqNocvJ/input.fna.fai created. Warning: couldn't find fasta record for 'GG692395'! Error: no genomic sequence available (check -g option!).
1f86524f9816bccb27862cbbe55e57a8	2026-03-20 02:25:59	FASTA index file /tmp/tmp.D8LrkCKTcE/input.fna.fai created.
1fb7f0459ef18461a4d645745e4ff850	2026-03-20 03:48:23	FASTA index file /tmp/tmp.czp0VtjOwr/input.fna.fai created.
1fc7a384c3c53bc562dd69c6a65b8621	2026-03-20 02:08:42	FASTA index file /tmp/tmp.0z5D6kfx8b/input.fna.fai created. Warning: couldn't find fasta record for '1A'! Error: no genomic sequence available (check -g option!).
1fe15ed51ea9851cc9ca2fcc84e63a7a	2026-03-20 02:43:41	gzip: stdout: No space left on device
1bb7108512497ffbf63c5ad2e86e2392	2026-03-20 03:10:43	FASTA index file /tmp/tmp.pbZDVjYnD7/input.fna.fai created.
249ba09512ccc5e609285e3ae3dbd5fd	2026-03-20 04:15:28	"FASTA index file /tmp/tmp.AbBMxjAKcE/input.fna.fai created. malloc(): invalid size (unsorted) /home/runner/work/ExtractGenes/ExtractGenes/scripts/01_extract_proteins.sh: line 64: 40370 Aborted                 (core dumped) gffread -g ""$FASTA_FILE"" -y ""$ALL_PROTEINS_OUTPUT"" ""$CLEAN_GFF_FILE"""
24a92496eea607453ad6d552d4bf7146	2026-03-20 04:39:15	"FASTA index file /tmp/tmp.WmUMOIqiEI/input.fna.fai created. double free or corruption (!prev) /home/runner/work/ExtractGenes/ExtractGenes/scripts/01_extract_proteins.sh: line 64: 27444 Aborted                 (core dumped) gffread -g ""$FASTA_FILE"" -y ""$ALL_PROTEINS_OUTPUT"" ""$CLEAN_GFF_FILE"""
24c4f2af82c24e9ae5ef61bc9ad1d6b6	2026-03-20 03:36:30	FASTA index file /tmp/tmp.NVmDfgDYoa/input.fna.fai created.
24dc3b3f2ffae5ee6a002bc14ebd57cf	2026-03-20 04:25:35	"FASTA index file /tmp/tmp.lKEJQ6m5CF/input.fna.fai created. malloc(): invalid next size (unsorted) /home/runner/work/ExtractGenes/ExtractGenes/scripts/01_extract_proteins.sh: line 64: 35512 Aborted                 (core dumped) gffread -g ""$FASTA_FILE"" -y ""$ALL_PROTEINS_OUTPUT"" ""$CLEAN_GFF_FILE"""
20435f01cc7561a0819e4cac879ef957	2026-03-20 03:48:00	"FASTA index file /tmp/tmp.EFE7nrFWFS/input.fna.fai created. malloc(): invalid size (unsorted) /home/runner/work/ExtractGenes/ExtractGenes/scripts/01_extract_proteins.sh: line 64: 17188 Aborted                 (core dumped) gffread -g ""$FASTA_FILE"" -y ""$ALL_PROTEINS_OUTPUT"" ""$CLEAN_GFF_FILE"""
173c3f694f83e9802dbd40b9aac2bf31	2026-03-20 02:39:31	FASTA index file /tmp/tmp.7hhHWnzqvj/input.fna.fai created.
17501f087a6d2c50b6cc819b25111d31	2026-03-20 01:09:49	"FASTA index file /tmp/tmp.LAUjahqJH5/input.fna.fai created. free(): invalid next size (normal) /home/runner/work/ExtractGenes/ExtractGenes/scripts/01_extract_proteins.sh: line 64:  2716 Aborted                 (core dumped) gffread -g ""$FASTA_FILE"" -y ""$ALL_PROTEINS_OUTPUT"" ""$CLEAN_GFF_FILE"""
1c8712d52d5e0d33854d990aa487903b	2026-03-20 05:10:25	FASTA index file /tmp/tmp.Ay1W65LD7y/input.fna.fai created.
1c8ede8659854c67e8c9643d86052fac	2026-03-20 04:33:33	FASTA index file /tmp/tmp.U0r3srqtuT/input.fna.fai created.
20b38cada82599ffd7688c09fe10395f	2026-03-20 05:49:24	FASTA index file /tmp/tmp.hRRU1MkLS1/input.fna.fai created.
18b43745985dedff94c09dc89b8285cd	2026-03-19 23:19:16	FASTA index file /tmp/tmp.QQvlCHhu1f/input.fna.fai created.
1cf80d5eb0eec164c7ace8a34a51e165	2026-03-20 05:30:35	FASTA index file /tmp/tmp.ateg1233mU/input.fna.fai created.
1d0d207f63e089196b161f81f443b957	2026-03-20 08:12:11	FASTA index file /tmp/tmp.4EGG9GdIyt/input.fna.fai created.
18e46429c7e06480b4d532824ea5e1de	2026-03-19 23:19:48	Unexpected error downloading : unknown url type: ''
18f4ea73c007b22099e03c22e461762a	2026-03-20 00:34:32	FASTA index file /tmp/tmp.vka5C12bDO/input.fna.fai created.
21f305188e2bc499e275109880f800b2	2026-03-20 00:36:38	FASTA index file /tmp/tmp.tCzTV8XUOy/input.fna.fai created.
1dab0339abe2cd0539df5d8fe78b5822	2026-03-19 23:31:48	"FASTA index file /tmp/tmp.g2ggK9k1HV/input.fna.fai created. corrupted size vs. prev_size /home/runner/work/ExtractGenes/ExtractGenes/scripts/01_extract_proteins.sh: line 64: 14719 Aborted                 (core dumped) gffread -g ""$FASTA_FILE"" -y ""$ALL_PROTEINS_OUTPUT"" ""$CLEAN_GFF_FILE"""
1de109f89fd210fbbfd32cf02079b0e4	2026-03-19 23:31:23	FASTA index file /tmp/tmp.qXjW1LP1Jp/input.fna.fai created.
1de2c139e9e6c8e07f5fe83398d5baa4	2026-03-20 02:03:07	FASTA index file /tmp/tmp.S2uRynZDqs/input.fna.fai created.
19672b12af17d70160c5a282a040c6f3	2026-03-20 00:53:28	FASTA index file /tmp/tmp.Pv0gUGzRP1/input.fna.fai created.
1e183d8db4754651fb29977b637dc5c7	2026-03-20 01:08:33	FASTA index file /tmp/tmp.imzjYJxB91/input.fna.fai created.
19b2c7832a90ddabf188ffe359b7ab6f	2026-03-19 23:26:26	FASTA index file /tmp/tmp.oMdJ8CznQr/input.fna.fai created.
1e48945ddf3ba056c323ff6361fe834f	2026-03-20 02:38:47	FASTA index file /tmp/tmp.6DWjC3mOvc/input.fna.fai created.
1a0e5318acebc56cc86748e65d4e8bac	2026-03-20 01:31:15	FASTA index file /tmp/tmp.avHfhLXvJC/input.fna.fai created. Warning: couldn't find fasta record for 'KB095811'! Error: no genomic sequence available (check -g option!).
1a2c9f19a006c80cf10914368ca55b85	2026-03-20 02:30:00	HTTP 404 downloading https://ftp.ncbi.nlm.nih.gov/genomes/all/GCA/000/208/925/GCA_000208925.2_JCVI-ESG2-1.0/GCA_000208925.2_JCVI-ESG2-1.0_genomic.fna.gz: Not Found
0207afe8626ee3d8f63940bab4215525	2026-03-20 14:58:10	run_selenoprofiles_timeout_after_10800s
0ccee31e49322a430fd7e80d5dfd89d8	2026-03-20 16:34:07	run_selenoprofiles_timeout_after_10800s
2fcf9bfad2c04a0a58f539ac2c5b0b7f	2026-03-20 14:40:51	HTTP 404 downloading https://ftp.ncbi.nlm.nih.gov/genomes/all/GCF/000/633/615/GCF_000633615.1_Guppy_female_1.0+MT/GCF_000633615.1_Guppy_female_1.0+MT_genomic.fna.gz: Not Found
3de5e3850a11369edb5f0f1230dd8bc3	2026-03-20 19:27:29	run_selenoprofiles_timeout_after_10800s
38f8e2418b9c09f448bcb14361ae3598	2026-03-20 17:08:27	FASTA index file /tmp/tmp.B8jx0ppFRv/input.fna.fai created.
3e085a54812b4c0822d5fa63b0cb9fc9	2026-03-20 20:10:24	run_selenoprofiles_timeout_after_10800s
2bbcdf3b3ed5b25d6af32a898254d6b6	2026-03-20 14:24:28	"2026-03-20 14:24:21 ERROR:	The following job failed with the error code -6: hmmsearch --domtblout /tmp/analysis_2bbcdf3b3ed5b25d6af32a898254d6b6_he9qqtkg/busco_2bbcdf3b3ed5b25d6af32a898254d6b6/run_eukaryota_odb12/hmmer_output/initial_run_results/10040024at2759.out --cpu 1 assets/busco_downloads/lineages/eukaryota_odb12/hmms/10040024at2759.hmm /tmp/analysis_2bbcdf3b3ed5b25d6af32a898254d6b6_he9qqtkg/annotation.aliasMatch_proteins.faa 2026-03-20 14:24:21 ERROR:	Error message: Fatal exception (source file p7_pipeline.c, line 714): Target sequence length > 100K, over comparison pipeline limit. (Did you mean to use nhmmer/nhmmscan?)  2026-03-20 14:24:22 ERROR:	The following job failed with the error code -6: hmmsearch --domtblout /tmp/analysis_2bbcdf3b3ed5b25d6af32a898254d6b6_he9qqtkg/busco_2bbcdf3b3ed5b25d6af32a898254d6b6/run_eukaryota_odb12/hmmer_output/initial_run_results/10252405at2759.out --cpu 1 assets/busco_downloads/lineages/eukaryota_odb12/hmms/10252405at2759.hmm /tmp/analysis_2bbcdf3b3ed5b25d6af32a898254d6b6_he9qqtkg/annotation.aliasMatch_proteins.faa 2026-03-20 14:24:22 ERROR:	Error message: Fatal exception (source file p7_pipeline.c, line 714): Target sequence length > 100K, over comparison pipeline limit. (Did you mean to use nhmmer/nhmmscan?)  2026-03-20 14:24:22 ERROR:	The following job failed with the error code -6: hmmsearch --domtblout /tmp/analysis_2bbcdf3b3ed5b25d6af32a898254d6b6_he9qqtkg/busco_2bbcdf3b3ed5b25d6af32a898254d6b6/run_eukaryota_odb12/hmmer_output/initial_run_results/124397at2759.out --cpu 1 assets/busco_downloads/lineages/eukaryota_odb12/hmms/124397at2759.hmm /tmp/analysis_2bbcdf3b3ed5b25d6af32a898254d6b6_he9qqtkg/annotation.aliasMatch_proteins.faa 2026-03-20 14:24:22 ERROR:	Error message: Fatal exception (source file p7_pipeline.c, line 714): Target sequence length > 100K, over comparison pipeline limit. (Did you mean to use nhmmer/nhmmscan?)  2026-03-20 14:24:22 ERROR:	The following job failed with the error code -6: hmmsearch --domtblout /tmp/analysis_2bbcdf3b3ed5b25d6af32a898254d6b6_he9qqtkg/busco_2bbcdf3b3ed5b25d6af32a898254d6b6/run_eukaryota_odb12/hmmer_output/initial_run_results/10263597at2759.out --cpu 1 assets/busco_downloads/lineages/eukaryota_odb12/hmms/10263597at2759.hmm /tmp/analysis_2bbcdf3b3ed5b25d6af32a898254d6b6_he9qqtkg/annotation.aliasMatch_proteins.faa 2026-03-20 14:24:22 ERROR:	Error message: Fatal exception (source file p7_pipeline.c, line 714): Target sequence length > 100K, over comparison pipeline limit. (Did you mean to use nhmmer/nhmmscan?)  2026-03-20 14:24:23 ERROR:	The following job failed with the error code -6: hmmsearch --domtblout /tmp/analysis_2bbcdf3b3ed5b25d6af32a898254d6b6_he9qqtkg/busco_2bbcdf3b3ed5b25d6af32a898254d6b6/run_eukaryota_odb12/hmmer_output/initial_run_results/1704689at2759.out --cpu 1 assets/busco_downloads/lineages/eukaryota_odb12/hmms/1704689at2759.hmm /tmp/analysis_2bbcdf3b3ed5b25d6af32a898254d6b6_he9qqtkg/annotation.aliasMatch_proteins.faa 2026-03-20 14:24:23 ERROR:	Error message: Fatal exception (source file p7_pipeline.c, line 714): Target sequence length > 100K, over comparison pipeline limit. (Did you mean to use nhmmer/nhmmscan?)  2026-03-20 14:24:23 ERROR:	The following job failed with the error code -6: hmmsearch --domtblout /tmp/analysis_2bbcdf3b3ed5b25d6af32a898254d6b6_he9qqtkg/busco_2bbcdf3b3ed5b25d6af32a898254d6b6/run_eukaryota_odb12/hmmer_output/initial_run_results/10256122at2759.out --cpu 1 assets/busco_downloads/lineages/eukaryota_odb12/hmms/10256122at2759.hmm /tmp/analysis_2bbcdf3b3ed5b25d6af32a898254d6b6_he9qqtkg/annotation.aliasMatch_proteins.faa 2026-03-20 14:24:23 ERROR:	Error message: Fatal exception (source file p7_pipeline.c, line 714): Target sequence length > 100K, over comparison pipeline limit. (Did you mean to use nhmmer/nhmmscan?)  2026-03-20 14:24:24 ERROR:	The following job failed with the error code -6: hmmsearch --domtblout /tmp/analysis_2bbcdf3b3ed5b25d6af32a898254d6b6_he9qqtkg/busco_2bbcdf3b3ed5b25d6af32a898254d6b6/run_eukaryota_odb12/hmmer_output/initial_run_results/25498at2759.out --cpu 1 assets/busco_downloads/lineages/eukaryota_odb12/hmms/25498at2759.hmm /tmp/analysis_2bbcdf3b3ed5b25d6af32a898254d6b6_he9qqtkg/annotation.aliasMatch_proteins.faa 2026-03-20 14:24:24 ERROR:	Error message: Fatal exception (source file p7_pipeline.c, line 714): Target sequence length > 100K, over comparison pipeline limit. (Did you mean to use nhmmer/nhmmscan?)  2026-03-20 14:24:24 ERROR:	The following job failed with the error code -6: hmmsearch --domtblout /tmp/analysis_2bbcdf3b3ed5b25d6af32a898254d6b6_he9qqtkg/busco_2bbcdf3b3ed5b25d6af32a898254d6b6/run_eukaryota_odb12/hmmer_output/initial_run_results/274828at2759.out --cpu 1 assets/busco_downloads/lineages/eukaryota_odb12/hmms/274828at2759.hmm /tmp/analysis_2bbcdf3b3ed5b25d6af32a898254d6b6_he9qqtkg/annotation.aliasMatch_proteins.faa 2026-03-20 14:24:24 ERROR:	Error message: Fatal exception (source file p7_pipeline.c, line 714): Target sequence length > 100K, over comparison pipeline limit. (Did you mean to use nhmmer/nhmmscan?)  2026-03-20 14:24:24 ERROR:	The following job failed with the error code -6: hmmsearch --domtblout /tmp/analysis_2bbcdf3b3ed5b25d6af32a898254d6b6_he9qqtkg/busco_2bbcdf3b3ed5b25d6af32a898254d6b6/run_eukaryota_odb12/hmmer_output/initial_run_results/20844at2759.out --cpu 1 assets/busco_downloads/lineages/eukaryota_odb12/hmms/20844at2759.hmm /tmp/analysis_2bbcdf3b3ed5b25d6af32a898254d6b6_he9qqtkg/annotation.aliasMatch_proteins.faa 2026-03-20 14:24:24 ERROR:	Error message: Fatal exception (source file p7_pipeline.c, line 714): Target sequence length > 100K, over comparison pipeline limit. (Did you mean to use nhmmer/nhmmscan?)  2026-03-20 14:24:25 ERROR:	The following job failed with the error code -6: hmmsearch --domtblout /tmp/analysis_2bbcdf3b3ed5b25d6af32a898254d6b6_he9qqtkg/busco_2bbcdf3b3ed5b25d6af32a898254d6b6/run_eukaryota_odb12/hmmer_output/initial_run_results/3370at2759.out --cpu 1 assets/busco_downloads/lineages/eukaryota_odb12/hmms/3370at2759.hmm /tmp/analysis_2bbcdf3b3ed5b25d6af32a898254d6b6_he9qqtkg/annotation.aliasMatch_proteins.faa 2026-03-20 14:24:25 ERROR:	Error message: Fatal exception (source file p7_pipeline.c, line 714): Target sequence length > 100K, over comparison pipeline limit. (Did you mean to use nhmmer/nhmmscan?)  2026-03-20 14:24:25 ERROR:	The following job failed with the error code -6: hmmsearch --domtblout /tmp/analysis_2bbcdf3b3ed5b25d6af32a898254d6b6_he9qqtkg/busco_2bbcdf3b3ed5b25d6af32a898254d6b6/run_eukaryota_odb12/hmmer_output/initial_run_results/421002at2759.out --cpu 1 assets/busco_downloads/lineages/eukaryota_odb12/hmms/421002at2759.hmm /tmp/analysis_2bbcdf3b3ed5b25d6af32a898254d6b6_he9qqtkg/annotation.aliasMatch_proteins.faa 2026-03-20 14:24:25 ERROR:	Error message: Fatal exception (source file p7_pipeline.c, line 714): Target sequence length > 100K, over comparison pipeline limit. (Did you mean to use nhmmer/nhmmscan?)  2026-03-20 14:24:25 ERROR:	The following job failed with the error code -6: hmmsearch --domtblout /tmp/analysis_2bbcdf3b3ed5b25d6af32a898254d6b6_he9qqtkg/busco_2bbcdf3b3ed5b25d6af32a898254d6b6/run_eukaryota_odb12/hmmer_output/initial_run_results/189968at2759.out --cpu 1 assets/busco_downloads/lineages/eukaryota_odb12/hmms/189968at2759.hmm /tmp/analysis_2bbcdf3b3ed5b25d6af32a898254d6b6_he9qqtkg/annotation.aliasMatch_proteins.faa 2026-03-20 14:24:25 ERROR:	Error message: Fatal exception (source file p7_pipeline.c, line 714): Target sequence length > 100K, over comparison pipeline limit. (Did you mean to use nhmmer/nhmmscan?)  2026-03-20 14:24:26 ERROR:	The following job failed with the error code -6: hmmsearch --domtblout /tmp/analysis_2bbcdf3b3ed5b25d6af32a898254d6b6_he9qqtkg/busco_2bbcdf3b3ed5b25d6af32a898254d6b6/run_eukaryota_odb12/hmmer_output/initial_run_results/8110916at2759.out --cpu 1 assets/busco_downloads/lineages/eukaryota_odb12/hmms/8110916at2759.hmm /tmp/analysis_2bbcdf3b3ed5b25d6af32a898254d6b6_he9qqtkg/annotation.aliasMatch_proteins.faa 2026-03-20 14:24:26 ERROR:	Error message: Fatal exception (source file p7_pipeline.c, line 714): Target sequence length > 100K, over comparison pipeline limit. (Did you mean to use nhmmer/nhmmscan?)  2026-03-20 14:24:27 ERROR:	The following job failed with the error code -6: hmmsearch --domtblout /tmp/analysis_2bbcdf3b3ed5b25d6af32a898254d6b6_he9qqtkg/busco_2bbcdf3b3ed5b25d6af32a898254d6b6/run_eukaryota_odb12/hmmer_output/initial_run_results/540662at2759.out --cpu 1 assets/busco_downloads/lineages/eukaryota_odb12/hmms/540662at2759.hmm /tmp/analysis_2bbcdf3b3ed5b25d6af32a898254d6b6_he9qqtkg/annotation.aliasMatch_proteins.faa 2026-03-20 14:24:27 ERROR:	Error message: Fatal exception (source file p7_pipeline.c, line 714): Target sequence length > 100K, over comparison pipeline limit. (Did you mean to use nhmmer/nhmmscan?)  2026-03-20 14:24:27 ERROR:	The following job failed with the error code -6: hmmsearch --domtblout /tmp/analysis_2bbcdf3b3ed5b25d6af32a898254d6b6_he9qqtkg/busco_2bbcdf3b3ed5b25d6af32a898254d6b6/run_eukaryota_odb12/hmmer_output/initial_run_results/28947at2759.out --cpu 1 assets/busco_downloads/lineages/eukaryota_odb12/hmms/28947at2759.hmm /tmp/analysis_2bbcdf3b3ed5b25d6af32a898254d6b6_he9qqtkg/annotation.aliasMatch_proteins.faa 2026-03-20 14:24:27 ERROR:	Error message: Fatal exception (source file p7_pipeline.c, line 714): Target sequence length > 100K, over comparison pipeline limit. (Did you mean to use nhmmer/nhmmscan?)  2026-03-20 14:24:27 ERROR:	Job failed with error code -6 2026-03-20 14:24:27 ERROR:	BUSCO analysis failed! 2026-03-20 14:24:27 ERROR:	Check the logs, read the user guide (https://busco.ezlab.org/busco_userguide.html), and check the BUSCO issue board on https://gitlab.com/ezlab/busco/issues"
2bc0fa419c0ff08b1ae52dda43b366a0	2026-03-20 15:44:05	"FASTA index file /tmp/tmp.lGPzvNITMc/input.fna.fai created. double free or corruption (!prev) /home/runner/work/ExtractGenes/ExtractGenes/scripts/01_extract_proteins.sh: line 64:  8648 Aborted                 (core dumped) gffread -g ""$FASTA_FILE"" -y ""$ALL_PROTEINS_OUTPUT"" ""$CLEAN_GFF_FILE"""
3974fba98f46e45e347a01b5baae6809	2026-03-20 16:25:11	FASTA index file /tmp/tmp.eK9Ul2L1dP/input.fna.fai created.
3e3cabc22a7379e79a51989d4905179d	2026-03-20 16:25:15	FASTA index file /tmp/tmp.3jE0C1NFbG/input.fna.fai created.
2bc72d69d94e32c507094f2c2f295811	2026-03-20 15:39:37	FASTA index file /tmp/tmp.Ki9IHXwXKA/input.fna.fai created.
37460cba4ea7ac33b25053e8f436d787	2026-03-20 12:07:30	Unexpected error downloading : unknown url type: ''
34c887f4f9482973d33575f76f7b6cfa	2026-03-20 15:27:11	FASTA index file /tmp/tmp.R5l5eY3WL6/input.fna.fai created.
34d70a5cac3916f9bdc5fd1238060a54	2026-03-20 16:16:31	FASTA index file /tmp/tmp.VWITYldRy6/input.fna.fai created.
27dcef70656697f52309c7c200e8d097	2026-03-20 17:54:23	"FASTA index file /tmp/tmp.I0yZ5C7WXp/input.fna.fai created. malloc(): unsorted double linked list corrupted /home/runner/work/ExtractGenes/ExtractGenes/scripts/01_extract_proteins.sh: line 64:  2594 Aborted                 (core dumped) gffread -g ""$FASTA_FILE"" -y ""$ALL_PROTEINS_OUTPUT"" ""$CLEAN_GFF_FILE"""
3e8855b6da4c3792b5c91e64666a3e10	2026-03-20 15:28:57	FASTA index file /tmp/tmp.Jcl8IImbgH/input.fna.fai created.
34de8f46453236fe4836e8eee466614f	2026-03-20 16:09:11	FASTA index file /tmp/tmp.cp6VX2CHAX/input.fna.fai created.
27e9d3f1c35b79ef61a3b80648c0c2ef	2026-03-20 15:08:51	FASTA index file /tmp/tmp.dWg8xpWzeL/input.fna.fai created.
27f194666131bccd7d9c33b7d9f2c1fe	2026-03-20 15:08:52	FASTA index file /tmp/tmp.ruVojy4LsP/input.fna.fai created.
39d050cb16f42c194d78f5417996fe18	2026-03-20 15:37:34	"FASTA index file /tmp/tmp.mx6SQOkcRr/input.fna.fai created. free(): invalid next size (normal) /home/runner/work/ExtractGenes/ExtractGenes/scripts/01_extract_proteins.sh: line 64: 33250 Aborted                 (core dumped) gffread -g ""$FASTA_FILE"" -y ""$ALL_PROTEINS_OUTPUT"" ""$CLEAN_GFF_FILE"""
3ec34b15028fd41baaa097ccdec21fb4	2026-03-20 17:41:05	FASTA index file /tmp/tmp.sBd7fpQ9DP/input.fna.fai created.
2c36544f9a1fd34341304d07ae516e69	2026-03-20 17:33:44	FASTA index file /tmp/tmp.W7OboZ7LxF/input.fna.fai created.
2c585a6334d1b680f25c28e51d0b3092	2026-03-20 16:21:10	FASTA index file /tmp/tmp.k2G8ta9fKt/input.fna.fai created.
3a3f08f848867d89810024502cbd381a	2026-03-20 16:24:55	FASTA index file /tmp/tmp.JTWFEKew6F/input.fna.fai created.
3a6e8fc529057da23d37eaf0d291a84c	2026-03-20 17:05:44	FASTA index file /tmp/tmp.XFA57SXMv5/input.fna.fai created.
3f170f4d1660a384cbf7d83d9941a94f	2026-03-20 20:10:06	run_selenoprofiles_timeout_after_10800s
2c8f6c2ac8394b5af588155fc3c82eef	2026-03-20 17:37:52	FASTA index file /tmp/tmp.6kT780Biqq/input.fna.fai created.
35a9a7987c5d430f0c3b784313b761a5	2026-03-20 16:52:00	FASTA index file /tmp/tmp.ByGXydp6Ir/input.fna.fai created.
28a9c3fa632e98e57f9b7d8795e76f54	2026-03-20 17:55:19	FASTA index file /tmp/tmp.uZz2zsJQTg/input.fna.fai created.
35cb2b4605af6dd3df87867d25fb3e41	2026-03-20 18:22:07	FASTA index file /tmp/tmp.AnJKnb9Zgd/input.fna.fai created. Error allocating memory.
35d5896cde402fd151fce0834b0061bd	2026-03-20 18:13:02	FASTA index file /tmp/tmp.NqTJx5j2l7/input.fna.fai created.
28d2dda456af5197766e317c9ced6719	2026-03-20 18:48:31	FASTA index file /tmp/tmp.6J8J54r2DG/input.fna.fai created.
360d456550ec38c70918cab6fbabc167	2026-03-20 18:53:21	FASTA index file /tmp/tmp.H5UCbfRQpc/input.fna.fai created.
0ed92d3e72622fa85712f90670a9d7e2	2026-03-20 14:57:17	run_selenoprofiles_timeout_after_10800s
28d9aa0551e5d66233065a849053a6f0	2026-03-20 19:28:24	FASTA index file /tmp/tmp.wjqKZEUyaJ/input.fna.fai created.
31550d608bc3fc9078e78419ef47511f	2026-03-20 19:11:10	"FASTA index file /tmp/tmp.2MBdijOGAH/input.fna.fai created. double free or corruption (!prev) /home/runner/work/ExtractGenes/ExtractGenes/scripts/01_extract_proteins.sh: line 64: 21080 Aborted                 (core dumped) gffread -g ""$FASTA_FILE"" -y ""$ALL_PROTEINS_OUTPUT"" ""$CLEAN_GFF_FILE"""
3f955f3c720ec4c54db8287d72aa9b85	2026-03-20 19:27:30	FASTA index file /tmp/tmp.XnNw1v7dJl/input.fna.fai created.
3ae4670607fb0656d19141ab380d633d	2026-03-20 19:15:30	FASTA index file /tmp/tmp.K17IojUNMe/input.fna.fai created. Warning: couldn't find fasta record for 'ACPE01000001.1'! Error: no genomic sequence available (check -g option!).
1d556deee962f516fda6edf2021d84c9	2026-03-20 16:59:00	run_selenoprofiles_timeout_after_10800s
3c5cb675c28d58f6c6b0c61d03844026	2026-03-20 18:06:14	"FASTA index file /tmp/tmp.UStUWzNUQY/input.fna.fai created. double free or corruption (out) /home/runner/work/ExtractGenes/ExtractGenes/scripts/01_extract_proteins.sh: line 64: 147930 Aborted                 (core dumped) gffread -g ""$FASTA_FILE"" -y ""$ALL_PROTEINS_OUTPUT"" ""$CLEAN_GFF_FILE"""
2d3b094d7e6db8bcd19576cdbdf234fb	2026-03-20 19:10:25	FASTA index file /tmp/tmp.Jsd8OlLDy2/input.fna.fai created.
3660fd70ce88122f660b5ff5e160057d	2026-03-20 18:28:08	FASTA index file /tmp/tmp.Zy2fETLUY2/input.fna.fai created.
2918ff36fd3b72d87fad7ddfa7b91a03	2026-03-20 22:18:31	run_selenoprofiles_timeout_after_10800s
2d4baeb6022fa3af2db2bb20257830ab	2026-03-20 16:51:03	FASTA index file /tmp/tmp.nJqCYaEO49/input.fna.fai created.
3b178f9f415a06915b3f97c52b4f5325	2026-03-20 17:42:03	FASTA index file /tmp/tmp.mZCiXibukc/input.fna.fai created.
3fed3c775a4a55795b06cca8399d8caf	2026-03-20 20:57:00	FASTA index file /tmp/tmp.4yK8dMDaJs/input.fna.fai created.
3b322baa9914a01f79d55c9b80ffe3c5	2026-03-20 17:56:25	"FASTA index file /tmp/tmp.JstcaXKvJC/input.fna.fai created. malloc(): corrupted top size /home/runner/work/ExtractGenes/ExtractGenes/scripts/01_extract_proteins.sh: line 64: 43837 Aborted                 (core dumped) gffread -g ""$FASTA_FILE"" -y ""$ALL_PROTEINS_OUTPUT"" ""$CLEAN_GFF_FILE"""
36a3cd4f038027ceec12b8ed838e6a0e	2026-03-20 18:41:14	"FASTA index file /tmp/tmp.bxOJRaVy38/input.fna.fai created. malloc(): invalid size (unsorted) /home/runner/work/ExtractGenes/ExtractGenes/scripts/01_extract_proteins.sh: line 64: 30000 Aborted                 (core dumped) gffread -g ""$FASTA_FILE"" -y ""$ALL_PROTEINS_OUTPUT"" ""$CLEAN_GFF_FILE"""
401bbf7310cf09e76296a25cf77f749d	2026-03-20 19:55:17	"FASTA index file /tmp/tmp.42qNV1FiBU/input.fna.fai created. free(): invalid next size (normal) /home/runner/work/ExtractGenes/ExtractGenes/scripts/01_extract_proteins.sh: line 64: 95761 Aborted                 (core dumped) gffread -g ""$FASTA_FILE"" -y ""$ALL_PROTEINS_OUTPUT"" ""$CLEAN_GFF_FILE"""
32a51d32177eb112163d39c71ea6c7df	2026-03-20 13:56:24	FASTA index file /tmp/tmp.b2sofxn4we/input.fna.fai created.
3c6a4f7f6645e765a27fbdc1b3e5f6e8	2026-03-20 13:59:52	HTTP 404 downloading https://ftp.ncbi.nlm.nih.gov/genomes/all/GCA/024/291/795/GCA_024291795.1_Septoria__linicola__SE14017/GCA_024291795.1_Septoria__linicola__SE14017_genomic.fna.gz: Not Found
2d8a8b38ebf37dd25c73e3c2d93b3ddb	2026-03-20 19:28:39	FASTA index file /tmp/tmp.EWLbXS0TX1/input.fna.fai created. Warning: couldn't find fasta record for 'NC_027944.1'! Error: no genomic sequence available (check -g option!).
36cb991a70088ff1ceb2785a7147852b	2026-03-20 19:30:11	FASTA index file /tmp/tmp.X5UKypa6CV/input.fna.fai created.
402b38816ff75469b73f46bbdda4f899	2026-03-20 19:32:32	FASTA index file /tmp/tmp.2O2zrwbm0F/input.fna.fai created.
1f5ad7c481df2a568a34a260aa3c36ca	2026-03-20 14:58:49	run_selenoprofiles_timeout_after_10800s
36d86b82ebe7fa09eb36d35f8fd0f625	2026-03-20 21:07:33	run_selenoprofiles_timeout_after_10800s
31f031ce2d8ed4163a2838da4d556718	2026-03-20 19:26:34	FASTA index file /tmp/tmp.3aOHxp2G27/input.fna.fai created.
36e5c6170a7f75e057b82db67c17013a	2026-03-20 22:16:38	run_selenoprofiles_timeout_after_10800s
29bab6ca0b79d40a129cfef3cf0c168a	2026-03-20 19:13:56	"Unable to find image 'maxtico/selenoprofiles_container:latest' locally latest: Pulling from maxtico/selenoprofiles_container 254e724d7786: Pulling fs layer 17404f4f56f1: Pulling fs layer 6a3124a74883: Pulling fs layer 9aac9449d9ea: Pulling fs layer cba1411d22ac: Pulling fs layer a6912ea684ba: Pulling fs layer 2ac1d2f53ab3: Pulling fs layer 82975461b638: Pulling fs layer 3dfeb3d91d7a: Pulling fs layer f0019542017e: Pulling fs layer e43edbaa37a4: Pulling fs layer c7ec584f1f89: Pulling fs layer 674ec1d51d9d: Pulling fs layer cba1411d22ac: Waiting a6912ea684ba: Waiting f0019542017e: Waiting 2ac1d2f53ab3: Waiting e43edbaa37a4: Waiting 82975461b638: Waiting c7ec584f1f89: Waiting 3dfeb3d91d7a: Waiting 674ec1d51d9d: Waiting 9aac9449d9ea: Waiting 254e724d7786: Verifying Checksum 254e724d7786: Download complete 17404f4f56f1: Verifying Checksum 17404f4f56f1: Download complete 6a3124a74883: Verifying Checksum 6a3124a74883: Download complete 254e724d7786: Pull complete cba1411d22ac: Verifying Checksum cba1411d22ac: Download complete 9aac9449d9ea: Verifying Checksum 9aac9449d9ea: Download complete 2ac1d2f53ab3: Verifying Checksum 2ac1d2f53ab3: Download complete 3dfeb3d91d7a: Verifying Checksum 3dfeb3d91d7a: Download complete f0019542017e: Verifying Checksum f0019542017e: Download complete e43edbaa37a4: Verifying Checksum e43edbaa37a4: Download complete c7ec584f1f89: Download complete a6912ea684ba: Verifying Checksum a6912ea684ba: Download complete 82975461b638: Verifying Checksum 82975461b638: Download complete 17404f4f56f1: Pull complete 674ec1d51d9d: Verifying Checksum 674ec1d51d9d: Download complete 6a3124a74883: Pull complete 9aac9449d9ea: Pull complete cba1411d22ac: Pull complete a6912ea684ba: Pull complete 2ac1d2f53ab3: Pull complete 82975461b638: Pull complete 3dfeb3d91d7a: Pull complete f0019542017e: Pull complete e43edbaa37a4: Pull complete c7ec584f1f89: Pull complete 674ec1d51d9d: Pull complete Digest: sha256:ea14be1bdc44d2ceec12bb5d0340b1902cad8a8ea2227906905172765757a149 Status: Downloaded newer image for maxtico/selenoprofiles_container:latest invalid escape sequence '\|' invalid escape sequence '\|' invalid escape sequence '\|' invalid escape sequence '\w' invalid escape sequence '\w' invalid escape sequence '\|' invalid escape sequence '\|' invalid escape sequence '\|' invalid escape sequence '\|' invalid escape sequence '\|' invalid escape sequence '\w' invalid escape sequence '\w' invalid escape sequence '\|' invalid escape sequence '\|' Profile TXNRD : profile_data not found or detected change in alignment file! Recomputing profile_data... Traceback (most recent call last):   File ""/opt/conda/bin/selenoprofiles"", line 7, in <module>     sys.exit(main())              ^^^^^^   File ""/opt/conda/lib/python3.12/site-packages/selenoprofiles4/selenoprofiles4.py"", line 1958, in main     psitblastn(   File ""/opt/conda/lib/python3.12/site-packages/selenoprofiles4/selenoprofiles4.py"", line 3213, in psitblastn     bbash(   File ""/opt/conda/lib/python3.12/site-packages/selenoprofiles4/MMlib3.py"", line 108, in bbash     if bb[0]!=0 and not dont_die:     raise Exception('COMMAND: ' + command+' ERROR: ""'+bb[1]+' ""')                                       ^^^^^^^^^^^^^^^^^^^^^^^^^^^^^^^^^^^^^^^^^^^^^^^^^^^^^^^^^^^^^ Exception: COMMAND: /blast-2.2.26/bin/blastall -p psitblastn  -d /input/genome.fa -R /tmp/e5ef3d422f19d489e4a96eb8faaf6402/SEPHS2.2.pssm.chk -i /tmp/e5ef3d422f19d489e4a96eb8faaf6402/SEPHS2.2.blast_query -I  -a 1 -b 5000 -F F > /tmp/e5ef3d422f19d489e4a96eb8faaf6402/psitblastn_out ERROR: ""[blastall] WARNING: Stored query has a X at position 24, while new query has a U there X appears in the stored query: The stored query may be filtered.  Run blastpgp with ""-F F"" option to turn the filter off. Segmentation fault (core dumped) """
4064605fc1b72b96408375b84dbce2a3	2026-03-20 19:50:38	FASTA index file /tmp/tmp.Xire5zSTnS/input.fna.fai created.
3785d38e75ba2a3c0968e925cfede11a	2026-03-20 13:16:22	FASTA index file /tmp/tmp.SQuxLyLHgQ/input.fna.fai created. Warning: couldn't find fasta record for '1A'! Error: no genomic sequence available (check -g option!).
0f7d6870191cd002a33c0e2ca45279f4	2026-03-20 14:57:14	run_selenoprofiles_timeout_after_10800s
2ed799460077129d8c8a3dddcca31685	2026-03-20 12:43:44	FASTA index file /tmp/tmp.wuS984pjN3/input.fna.fai created.
1345759cc79f8adee11d7efa51771a10	2026-03-20 14:59:00	run_selenoprofiles_timeout_after_10800s
29df1ce22f76680acbc702dc4a252dc0	2026-03-20 14:59:05	FASTA index file /tmp/tmp.LdsUV5WFQM/input.fna.fai created.
263f1d1d535a0759651ca163c8b80f28	2026-03-20 11:55:25	FASTA index file /tmp/tmp.Kkv22TXcHc/input.fna.fai created.
2a7a907294c3f5e271ee8dabce00548b	2026-03-20 11:55:29	FASTA index file /tmp/tmp.z168fYXzgW/input.fna.fai created.
37e1c886f6f05b58092b4a6a9f44041b	2026-03-20 12:09:07	FASTA index file /tmp/tmp.e4gbKmcJwP/input.fna.fai created. Warning: couldn't find fasta record for 'MtDNA'! Error: no genomic sequence available (check -g option!).
331f429ce244ebaa259b857c49bfbd33	2026-03-20 12:19:10	FASTA index file /tmp/tmp.57btNatacC/input.fna.fai created.
37e4ff98791bf4063f19bd668ad49c2b	2026-03-20 12:19:16	FASTA index file /tmp/tmp.dZXwLJYigd/input.fna.fai created.
3cd8207fd94c013652bfae7b5deb3d3a	2026-03-20 12:19:17	HTTP 404 downloading https://ftp.ncbi.nlm.nih.gov/genomes/all/GCF/000/281/105/GCF_000281105.1_Coni_apol_CBS100218__V1/GCF_000281105.1_Coni_apol_CBS100218__V1_genomic.fna.gz: Not Found
2a881010744b07402a370833a020c8ff	2026-03-20 12:01:52	FASTA index file /tmp/tmp.iBrKLnl4uj/input.fna.fai created.
37ef5bb7fed247ae104fe07cfab7d407	2026-03-20 12:06:19	"FASTA index file /tmp/tmp.bOUW9EZ2aR/input.fna.fai created. double free or corruption (!prev) /home/runner/work/ExtractGenes/ExtractGenes/scripts/01_extract_proteins.sh: line 64: 18771 Aborted                 (core dumped) gffread -g ""$FASTA_FILE"" -y ""$ALL_PROTEINS_OUTPUT"" ""$CLEAN_GFF_FILE"""
2677d2b24f61e7d7026f87a586c3119e	2026-03-20 16:18:16	FASTA index file /tmp/tmp.HYHy6dwHO3/input.fna.fai created.
2f5aacef32766dde63cff90cda1e37b2	2026-03-20 13:12:39	FASTA index file /tmp/tmp.tPac7p962W/input.fna.fai created.
2ae43bd2d647d241c94f5a51bb3be6b2	2026-03-20 15:05:22	run_selenoprofiles_timeout_after_10800s
2ae61f9c967afd741b1826907449fd3a	2026-03-20 12:24:01	"FASTA index file /tmp/tmp.u8SEHNpMSw/input.fna.fai created. double free or corruption (!prev) /home/runner/work/ExtractGenes/ExtractGenes/scripts/01_extract_proteins.sh: line 64:  7198 Aborted                 (core dumped) gffread -g ""$FASTA_FILE"" -y ""$ALL_PROTEINS_OUTPUT"" ""$CLEAN_GFF_FILE"""
3d52146497a724c1b1be1de9f976958d	2026-03-20 12:40:33	FASTA index file /tmp/tmp.XEydXWhHpO/input.fna.fai created. Warning: couldn't find fasta record for '1A'! Error: no genomic sequence available (check -g option!).
17a33705bafa010adbbc5df29c68270f	2026-03-20 14:57:09	run_selenoprofiles_timeout_after_10800s
2e4fc287540e5b1596ee2ca40491211f	2026-03-20 14:59:53	FASTA index file /tmp/tmp.1JtaFuHEeM/input.fna.fai created.
3c19f2a872b9413d10f0279288fc057f	2026-03-20 15:04:55	FASTA index file /tmp/tmp.72MAbzoqxK/input.fna.fai created.
26c60c5cb2dbc08d673318ccf1659ec4	2026-03-20 11:55:21	HTTP 404 downloading https://ftp.ncbi.nlm.nih.gov/genomes/all/GCA/000/507/365/GCA_000507365.1_N__americanus_v1/GCA_000507365.1_N__americanus_v1_genomic.fna.gz: Not Found
2f837976a9fb013545d8e0dd946950bd	2026-03-20 13:30:47	FASTA index file /tmp/tmp.b6jhfov4vV/input.fna.fai created.
33cc3cf78eb08e7773ce9b88f2d9d0c7	2026-03-20 13:31:41	FASTA index file /tmp/tmp.tE4YI5AS5h/input.fna.fai created.
3d6ff6e8e5176b9ea8e58133116f1d36	2026-03-20 14:47:08	FASTA index file /tmp/tmp.om0VywA6O8/input.fna.fai created.
38a11fab9c20676ad3bee615eac86245	2026-03-20 13:52:46	FASTA index file /tmp/tmp.YMceR8icDv/input.fna.fai created.
3c1b88e58a4a65621498199b6874ab8e	2026-03-20 12:18:15	FASTA index file /tmp/tmp.wRgNTpstCf/input.fna.fai created. Warning: couldn't find fasta record for 'AECX01002404.1'! Error: no genomic sequence available (check -g option!).
2b3615d6a677b72a4efcd3161b5b452e	2026-03-20 14:59:42	run_selenoprofiles_timeout_after_10800s
2fbb7ac26820c91a19df863d817ace64	2026-03-20 14:13:36	FASTA index file /tmp/tmp.8Wx8cRuuY1/input.fna.fai created. Warning: couldn't find fasta record for '1A'! Error: no genomic sequence available (check -g option!).
2720875f61dce51297474e119783bd8d	2026-03-20 19:03:26	run_selenoprofiles_timeout_after_10800s
2b45279c51999412682c1792384d4ce0	2026-03-20 19:03:32	FASTA index file /tmp/tmp.rclVXRO5LV/input.fna.fai created.
