invalid escape sequence '\|'
invalid escape sequence '\|'
invalid escape sequence '\|'
invalid escape sequence '\w'
invalid escape sequence '\w'
invalid escape sequence '\|'
invalid escape sequence '\|'
invalid escape sequence '\|'
invalid escape sequence '\|'
invalid escape sequence '\|'
invalid escape sequence '\w'
invalid escape sequence '\w'
invalid escape sequence '\|'
invalid escape sequence '\|'
Profile TXNRD : profile_data not found or detected change in alignment file! Recomputing profile_data...
Traceback (most recent call last):
  File "/opt/conda/bin/selenoprofiles", line 7, in <module>
    sys.exit(main())
             ^^^^^^
  File "/opt/conda/lib/python3.12/site-packages/selenoprofiles4/selenoprofiles4.py", line 1674, in main
    run_assess(ass_opt)
  File "/opt/conda/lib/python3.12/site-packages/selenoprofiles4/selenoprofiles_assess.py", line 166, in main
    genome_pyr = pr.read_gff3(opt["e"])
                 ^^^^^^^^^^^^^^^^^^^^^^
  File "/opt/conda/lib/python3.12/site-packages/pyranges/readers.py", line 626, in read_gff3
    extra = to_rows_gff3(df.Attribute.astype(str))
            ^^^^^^^^^^^^^^^^^^^^^^^^^^^^^^^^^^^^^^
  File "/opt/conda/lib/python3.12/site-packages/pyranges/readers.py", line 558, in to_rows_gff3
    rowdicts = [to_keys_and_values(line) for line in list(anno)]
                ^^^^^^^^^^^^^^^^^^^^^^^^
  File "/opt/conda/lib/python3.12/site-packages/pyranges/readers.py", line 565, in to_keys_and_values
    return dict(it.split("=") for it in line.rstrip("; ").split(";"))
           ^^^^^^^^^^^^^^^^^^^^^^^^^^^^^^^^^^^^^^^^^^^^^^^^^^^^^^^^^^
ValueError: dictionary update sequence element #0 has length 1; 2 is required
